baseline.ts(43,42): error TS2339: Property 'chat' does not exist on type 'Beta'.
